Release 14.7 - xst P.20131013 (lin64)
Copyright (c) 1995-2013 Xilinx, Inc.  All rights reserved.
--> 
Parameter TMPDIR set to xst/projnav.tmp


Total REAL time to Xst completion: 0.00 secs
Total CPU time to Xst completion: 0.08 secs
 
--> 
Parameter xsthdpdir set to xst


Total REAL time to Xst completion: 0.00 secs
Total CPU time to Xst completion: 0.08 secs
 
--> 
Reading design: rtc_test.prj

TABLE OF CONTENTS
  1) Synthesis Options Summary
  2) HDL Parsing
  3) HDL Elaboration
  4) HDL Synthesis
       4.1) HDL Synthesis Report
  5) Advanced HDL Synthesis
       5.1) Advanced HDL Synthesis Report
  6) Low Level Synthesis
  7) Partition Report
  8) Design Summary
       8.1) Primitive and Black Box Usage
       8.2) Device utilization summary
       8.3) Partition Resource Summary
       8.4) Timing Report
            8.4.1) Clock Information
            8.4.2) Asynchronous Control Signals Information
            8.4.3) Timing Summary
            8.4.4) Timing Details
            8.4.5) Cross Clock Domains Report


=========================================================================
*                      Synthesis Options Summary                        *
=========================================================================
---- Source Parameters
Input File Name                    : "rtc_test.prj"
Ignore Synthesis Constraint File   : NO

---- Target Parameters
Output File Name                   : "rtc_test"
Output Format                      : NGC
Target Device                      : xc6slx9-2-ftg256

---- Source Options
Top Module Name                    : rtc_test
Automatic FSM Extraction           : YES
FSM Encoding Algorithm             : Auto
Safe Implementation                : No
FSM Style                          : LUT
RAM Extraction                     : Yes
RAM Style                          : Auto
ROM Extraction                     : Yes
Shift Register Extraction          : YES
ROM Style                          : Auto
Resource Sharing                   : YES
Asynchronous To Synchronous        : NO
Shift Register Minimum Size        : 2
Use DSP Block                      : Auto
Automatic Register Balancing       : No

---- Target Options
LUT Combining                      : Auto
Reduce Control Sets                : Auto
Add IO Buffers                     : YES
Global Maximum Fanout              : 100000
Add Generic Clock Buffer(BUFG)     : 16
Register Duplication               : YES
Optimize Instantiated Primitives   : NO
Use Clock Enable                   : Auto
Use Synchronous Set                : Auto
Use Synchronous Reset              : Auto
Pack IO Registers into IOBs        : Auto
Equivalent register Removal        : YES

---- General Options
Optimization Goal                  : Speed
Optimization Effort                : 1
Power Reduction                    : NO
Keep Hierarchy                     : No
Netlist Hierarchy                  : As_Optimized
RTL Output                         : Yes
Global Optimization                : AllClockNets
Read Cores                         : YES
Write Timing Constraints           : NO
Cross Clock Analysis               : NO
Hierarchy Separator                : /
Bus Delimiter                      : <>
Case Specifier                     : Maintain
Slice Utilization Ratio            : 100
BRAM Utilization Ratio             : 100
DSP48 Utilization Ratio            : 100
Auto BRAM Packing                  : NO
Slice Utilization Ratio Delta      : 5

=========================================================================


=========================================================================
*                          HDL Parsing                                  *
=========================================================================
Analyzing Verilog file "/home/msx/AX309/SRC/Verilog/09_rtc_test/rtl/i2c_com.v" into library work
Parsing module <i2c_com>.
Analyzing Verilog file "/home/msx/AX309/SRC/Verilog/09_rtc_test/rtl/cmd_control.v" into library work
Parsing module <cmd_control>.
Analyzing Verilog file "/home/msx/AX309/SRC/Verilog/09_rtc_test/rtl/ds1302_module.v" into library work
Parsing module <ds1302_module>.
Analyzing Verilog file "/home/msx/AX309/SRC/Verilog/09_rtc_test/rtl/uarttx.v" into library work
Parsing module <uarttx>.
Analyzing Verilog file "/home/msx/AX309/SRC/Verilog/09_rtc_test/rtl/rtc_time.v" into library work
Parsing module <rtc_time>.
Analyzing Verilog file "/home/msx/AX309/SRC/Verilog/09_rtc_test/rtl/clkdiv.v" into library work
Parsing module <clkdiv>.
Analyzing Verilog file "/home/msx/AX309/SRC/Verilog/09_rtc_test/rtl/rtc_test.v" into library work
Parsing module <rtc_test>.

=========================================================================
*                            HDL Elaboration                            *
=========================================================================

Elaborating module <rtc_test>.

Elaborating module <clkdiv>.

Elaborating module <uarttx>.
WARNING:HDLCompiler:1127 - "/home/msx/AX309/SRC/Verilog/09_rtc_test/rtl/rtc_test.v" Line 144: Assignment to idle ignored, since the identifier is never used

Elaborating module <rtc_time>.

Elaborating module <ds1302_module>.

Elaborating module <cmd_control>.

Elaborating module <i2c_com>.
WARNING:HDLCompiler:1127 - "/home/msx/AX309/SRC/Verilog/09_rtc_test/rtl/rtc_test.v" Line 169: Assignment to TRIG0 ignored, since the identifier is never used
WARNING:HDLCompiler:1127 - "/home/msx/AX309/SRC/Verilog/09_rtc_test/rtl/rtc_test.v" Line 170: Assignment to TRIG0 ignored, since the identifier is never used
WARNING:HDLCompiler:1127 - "/home/msx/AX309/SRC/Verilog/09_rtc_test/rtl/rtc_test.v" Line 171: Assignment to TRIG0 ignored, since the identifier is never used
WARNING:HDLCompiler:1127 - "/home/msx/AX309/SRC/Verilog/09_rtc_test/rtl/rtc_test.v" Line 173: Assignment to TRIG0 ignored, since the identifier is never used
WARNING:HDLCompiler:1127 - "/home/msx/AX309/SRC/Verilog/09_rtc_test/rtl/rtc_test.v" Line 174: Assignment to TRIG0 ignored, since the identifier is never used
WARNING:HDLCompiler:1127 - "/home/msx/AX309/SRC/Verilog/09_rtc_test/rtl/rtc_test.v" Line 175: Assignment to TRIG0 ignored, since the identifier is never used

=========================================================================
*                           HDL Synthesis                               *
=========================================================================

Synthesizing Unit <rtc_test>.
    Related source file is "/home/msx/AX309/SRC/Verilog/09_rtc_test/rtl/rtc_test.v".
WARNING:Xst:647 - Input <rx> is never used. This port will be preserved and left unconnected if it belongs to a top-level block or it belongs to a sub-block and the hierarchy of this sub-block is preserved.
INFO:Xst:3210 - "/home/msx/AX309/SRC/Verilog/09_rtc_test/rtl/rtc_test.v" line 140: Output port <idle> of the instance <u1> is unconnected or connected to loadless signal.
    Found 3-bit register for signal <uart_stat>.
    Found 9-bit register for signal <k>.
    Found 8-bit register for signal <Time_second_reg>.
    Found 8-bit register for signal <txdata>.
    Found 1-bit register for signal <wrsig>.
    Found 16-bit register for signal <uart_cnt>.
    Found finite state machine <FSM_0> for signal <uart_stat>.
    -----------------------------------------------------------------------
    | States             | 3                                              |
    | Transitions        | 7                                              |
    | Inputs             | 4                                              |
    | Outputs            | 2                                              |
    | Clock              | clk (rising_edge)                              |
    | Reset              | RSTn_INV_1_o (positive)                        |
    | Reset type         | synchronous                                    |
    | Reset State        | 000                                            |
    | Encoding           | auto                                           |
    | Implementation     | LUT                                            |
    -----------------------------------------------------------------------
    Found 7-bit adder for signal <n0114[6:0]> created at line 56.
    Found 7-bit adder for signal <n0116[6:0]> created at line 57.
    Found 7-bit adder for signal <n0118[6:0]> created at line 59.
    Found 7-bit adder for signal <n0120[6:0]> created at line 60.
    Found 7-bit adder for signal <n0122[6:0]> created at line 62.
    Found 7-bit adder for signal <n0124[6:0]> created at line 63.
    Found 9-bit adder for signal <k[8]_GND_1_o_add_25_OUT> created at line 117.
    Found 16-bit adder for signal <uart_cnt[15]_GND_1_o_add_26_OUT> created at line 120.
    Found 8-bit comparator equal for signal <n0009> created at line 81
    Summary:
	inferred   8 Adder/Subtractor(s).
	inferred  42 D-type flip-flop(s).
	inferred   1 Comparator(s).
	inferred  20 Multiplexer(s).
	inferred   1 Finite State Machine(s).
Unit <rtc_test> synthesized.

Synthesizing Unit <clkdiv>.
    Related source file is "/home/msx/AX309/SRC/Verilog/09_rtc_test/rtl/clkdiv.v".
    Found 16-bit register for signal <cnt>.
    Found 1-bit register for signal <clkout>.
    Found 16-bit adder for signal <cnt[15]_GND_2_o_add_4_OUT> created at line 25.
    Summary:
	inferred   1 Adder/Subtractor(s).
	inferred  17 D-type flip-flop(s).
Unit <clkdiv> synthesized.

Synthesizing Unit <uarttx>.
    Related source file is "/home/msx/AX309/SRC/Verilog/09_rtc_test/rtl/uarttx.v".
        paritymode = 1'b0
    Found 1-bit register for signal <wrsigrise>.
    Found 1-bit register for signal <send>.
    Found 1-bit register for signal <tx>.
    Found 1-bit register for signal <idle>.
    Found 8-bit register for signal <cnt>.
    Found 1-bit register for signal <presult>.
    Found 1-bit register for signal <wrsigbuf>.
    Found 8-bit adder for signal <cnt[7]_GND_3_o_add_5_OUT> created at line 44.
    Summary:
	inferred   1 Adder/Subtractor(s).
	inferred  14 D-type flip-flop(s).
Unit <uarttx> synthesized.

Synthesizing Unit <rtc_time>.
    Related source file is "/home/msx/AX309/SRC/Verilog/09_rtc_test/rtl/rtc_time.v".
    Found 8-bit register for signal <isStart>.
    Found 8-bit register for signal <rData>.
    Found 4-bit register for signal <i>.
    Found 8-bit register for signal <Time_second>.
    Found 8-bit register for signal <Time_munite>.
    Found 8-bit register for signal <Time_hour>.
    Found 4-bit adder for signal <i[3]_GND_4_o_add_0_OUT> created at line 44.
    Summary:
	inferred   1 Adder/Subtractor(s).
	inferred  44 D-type flip-flop(s).
	inferred   9 Multiplexer(s).
Unit <rtc_time> synthesized.

Synthesizing Unit <ds1302_module>.
    Related source file is "/home/msx/AX309/SRC/Verilog/09_rtc_test/rtl/ds1302_module.v".
    Summary:
	no macro.
Unit <ds1302_module> synthesized.

Synthesizing Unit <cmd_control>.
    Related source file is "/home/msx/AX309/SRC/Verilog/09_rtc_test/rtl/cmd_control.v".
    Found 1-bit register for signal <isDone>.
    Found 8-bit register for signal <rData>.
    Found 8-bit register for signal <rRead>.
    Found 8-bit register for signal <rAddr>.
    Found 2-bit register for signal <i>.
    Found 2-bit register for signal <isStart>.
    Found 2-bit adder for signal <i[1]_GND_6_o_add_26_OUT> created at line 96.
    Summary:
	inferred   1 Adder/Subtractor(s).
	inferred  29 D-type flip-flop(s).
	inferred   5 Multiplexer(s).
Unit <cmd_control> synthesized.

Synthesizing Unit <i2c_com>.
    Related source file is "/home/msx/AX309/SRC/Verilog/09_rtc_test/rtl/i2c_com.v".
        T0P5US = 5'b11000
    Found 1-bit register for signal <rSCLK>.
    Found 1-bit register for signal <rRST>.
    Found 1-bit register for signal <rSIO>.
    Found 1-bit register for signal <isOut>.
    Found 1-bit register for signal <isDone>.
    Found 6-bit register for signal <i>.
    Found 8-bit register for signal <rData>.
    Found 5-bit register for signal <Count1>.
    Found 6-bit subtractor for signal <GND_7_o_GND_7_o_sub_48_OUT> created at line 115.
    Found 5-bit adder for signal <Count1[4]_GND_7_o_add_3_OUT> created at line 33.
    Found 6-bit adder for signal <i[5]_GND_7_o_add_53_OUT> created at line 121.
    Found 1-bit 8-to-1 multiplexer for signal <GND_7_o_rData[7]_Mux_19_o> created at line 76.
    Found 1-bit 8-to-1 multiplexer for signal <i[3]_rData[7]_Mux_36_o> created at line 100.
    Found 1-bit tristate buffer for signal <SIO> created at line 134
    Found 32-bit comparator lessequal for signal <n0019> created at line 115
    Summary:
	inferred   3 Adder/Subtractor(s).
	inferred  24 D-type flip-flop(s).
	inferred   1 Comparator(s).
	inferred  61 Multiplexer(s).
	inferred   1 Tristate(s).
Unit <i2c_com> synthesized.

=========================================================================
HDL Synthesis Report

Macro Statistics
# Adders/Subtractors                                   : 15
 16-bit adder                                          : 2
 2-bit adder                                           : 1
 4-bit adder                                           : 1
 5-bit adder                                           : 1
 6-bit adder                                           : 1
 6-bit subtractor                                      : 1
 7-bit adder                                           : 6
 8-bit adder                                           : 1
 9-bit adder                                           : 1
# Registers                                            : 34
 1-bit register                                        : 14
 16-bit register                                       : 2
 2-bit register                                        : 2
 4-bit register                                        : 1
 5-bit register                                        : 1
 6-bit register                                        : 1
 8-bit register                                        : 12
 9-bit register                                        : 1
# Comparators                                          : 2
 32-bit comparator lessequal                           : 1
 8-bit comparator equal                                : 1
# Multiplexers                                         : 95
 1-bit 2-to-1 multiplexer                              : 49
 1-bit 8-to-1 multiplexer                              : 2
 2-bit 2-to-1 multiplexer                              : 4
 4-bit 2-to-1 multiplexer                              : 2
 5-bit 2-to-1 multiplexer                              : 2
 6-bit 2-to-1 multiplexer                              : 5
 8-bit 2-to-1 multiplexer                              : 30
 9-bit 2-to-1 multiplexer                              : 1
# Tristates                                            : 1
 1-bit tristate buffer                                 : 1
# FSMs                                                 : 1
# Xors                                                 : 7
 1-bit xor2                                            : 7

=========================================================================

=========================================================================
*                       Advanced HDL Synthesis                          *
=========================================================================

WARNING:Xst:1710 - FF/Latch <rAddr_4> (without init value) has a constant value of 0 in block <U1>. This FF/Latch will be trimmed during the optimization process.
WARNING:Xst:1710 - FF/Latch <rAddr_5> (without init value) has a constant value of 0 in block <U1>. This FF/Latch will be trimmed during the optimization process.
WARNING:Xst:1710 - FF/Latch <rAddr_6> (without init value) has a constant value of 0 in block <U1>. This FF/Latch will be trimmed during the optimization process.

Synthesizing (advanced) Unit <clkdiv>.
The following registers are absorbed into counter <cnt>: 1 register on signal <cnt>.
Unit <clkdiv> synthesized (advanced).

Synthesizing (advanced) Unit <rtc_test>.
The following registers are absorbed into counter <k>: 1 register on signal <k>.
The following registers are absorbed into counter <uart_cnt>: 1 register on signal <uart_cnt>.
Unit <rtc_test> synthesized (advanced).

=========================================================================
Advanced HDL Synthesis Report

Macro Statistics
# Adders/Subtractors                                   : 12
 2-bit adder                                           : 1
 4-bit adder                                           : 1
 5-bit adder                                           : 1
 6-bit adder                                           : 1
 6-bit subtractor                                      : 1
 7-bit adder                                           : 6
 8-bit adder                                           : 1
# Counters                                             : 3
 16-bit up counter                                     : 2
 9-bit up counter                                      : 1
# Registers                                            : 129
 Flip-Flops                                            : 129
# Comparators                                          : 2
 32-bit comparator lessequal                           : 1
 8-bit comparator equal                                : 1
# Multiplexers                                         : 94
 1-bit 2-to-1 multiplexer                              : 49
 1-bit 8-to-1 multiplexer                              : 2
 2-bit 2-to-1 multiplexer                              : 4
 4-bit 2-to-1 multiplexer                              : 2
 5-bit 2-to-1 multiplexer                              : 2
 6-bit 2-to-1 multiplexer                              : 5
 8-bit 2-to-1 multiplexer                              : 30
# FSMs                                                 : 1
# Xors                                                 : 7
 1-bit xor2                                            : 7

=========================================================================

=========================================================================
*                         Low Level Synthesis                           *
=========================================================================
WARNING:Xst:1710 - FF/Latch <rAddr_4> (without init value) has a constant value of 0 in block <cmd_control>. This FF/Latch will be trimmed during the optimization process.
WARNING:Xst:1895 - Due to other FF/Latch trimming, FF/Latch <rAddr_5> (without init value) has a constant value of 0 in block <cmd_control>. This FF/Latch will be trimmed during the optimization process.
WARNING:Xst:1895 - Due to other FF/Latch trimming, FF/Latch <rAddr_6> (without init value) has a constant value of 0 in block <cmd_control>. This FF/Latch will be trimmed during the optimization process.
Analyzing FSM <MFsm> for best encoding.
Optimizing FSM <FSM_0> on signal <uart_stat[1:2]> with gray encoding.
-------------------
 State | Encoding
-------------------
 000   | 00
 001   | 01
 010   | 11
-------------------
WARNING:Xst:1710 - FF/Latch <rData_0> (without init value) has a constant value of 0 in block <rtc_time>. This FF/Latch will be trimmed during the optimization process.
WARNING:Xst:1895 - Due to other FF/Latch trimming, FF/Latch <rData_2> (without init value) has a constant value of 0 in block <rtc_time>. This FF/Latch will be trimmed during the optimization process.
WARNING:Xst:1895 - Due to other FF/Latch trimming, FF/Latch <rData_3> (without init value) has a constant value of 0 in block <rtc_time>. This FF/Latch will be trimmed during the optimization process.
WARNING:Xst:1895 - Due to other FF/Latch trimming, FF/Latch <rData_6> (without init value) has a constant value of 0 in block <rtc_time>. This FF/Latch will be trimmed during the optimization process.
WARNING:Xst:1895 - Due to other FF/Latch trimming, FF/Latch <rData_7> (without init value) has a constant value of 0 in block <rtc_time>. This FF/Latch will be trimmed during the optimization process.
WARNING:Xst:1895 - Due to other FF/Latch trimming, FF/Latch <isStart_3> (without init value) has a constant value of 0 in block <rtc_time>. This FF/Latch will be trimmed during the optimization process.
WARNING:Xst:1710 - FF/Latch <txdata_7> (without init value) has a constant value of 0 in block <rtc_test>. This FF/Latch will be trimmed during the optimization process.

Optimizing unit <rtc_test> ...
WARNING:Xst:1710 - FF/Latch <U2/i_3> (without init value) has a constant value of 0 in block <rtc_test>. This FF/Latch will be trimmed during the optimization process.

Optimizing unit <cmd_control> ...

Optimizing unit <uarttx> ...
WARNING:Xst:1710 - FF/Latch <U2/U1/U1/rData_7> (without init value) has a constant value of 0 in block <rtc_test>. This FF/Latch will be trimmed during the optimization process.
WARNING:Xst:1895 - Due to other FF/Latch trimming, FF/Latch <U2/U1/U1/rData_6> (without init value) has a constant value of 0 in block <rtc_test>. This FF/Latch will be trimmed during the optimization process.
WARNING:Xst:1895 - Due to other FF/Latch trimming, FF/Latch <U2/U1/U1/rData_3> (without init value) has a constant value of 0 in block <rtc_test>. This FF/Latch will be trimmed during the optimization process.
WARNING:Xst:1895 - Due to other FF/Latch trimming, FF/Latch <U2/U1/U1/rData_2> (without init value) has a constant value of 0 in block <rtc_test>. This FF/Latch will be trimmed during the optimization process.
WARNING:Xst:1895 - Due to other FF/Latch trimming, FF/Latch <U2/U1/U1/rData_0> (without init value) has a constant value of 0 in block <rtc_test>. This FF/Latch will be trimmed during the optimization process.
WARNING:Xst:1710 - FF/Latch <k_5> (without init value) has a constant value of 0 in block <rtc_test>. This FF/Latch will be trimmed during the optimization process.
WARNING:Xst:1710 - FF/Latch <k_6> (without init value) has a constant value of 0 in block <rtc_test>. This FF/Latch will be trimmed during the optimization process.
WARNING:Xst:1710 - FF/Latch <k_7> (without init value) has a constant value of 0 in block <rtc_test>. This FF/Latch will be trimmed during the optimization process.
WARNING:Xst:1710 - FF/Latch <k_8> (without init value) has a constant value of 0 in block <rtc_test>. This FF/Latch will be trimmed during the optimization process.
WARNING:Xst:1710 - FF/Latch <uart_cnt_8> (without init value) has a constant value of 0 in block <rtc_test>. This FF/Latch will be trimmed during the optimization process.
WARNING:Xst:1710 - FF/Latch <uart_cnt_9> (without init value) has a constant value of 0 in block <rtc_test>. This FF/Latch will be trimmed during the optimization process.
WARNING:Xst:1710 - FF/Latch <uart_cnt_10> (without init value) has a constant value of 0 in block <rtc_test>. This FF/Latch will be trimmed during the optimization process.
WARNING:Xst:1710 - FF/Latch <uart_cnt_11> (without init value) has a constant value of 0 in block <rtc_test>. This FF/Latch will be trimmed during the optimization process.
WARNING:Xst:1710 - FF/Latch <uart_cnt_12> (without init value) has a constant value of 0 in block <rtc_test>. This FF/Latch will be trimmed during the optimization process.
WARNING:Xst:1710 - FF/Latch <uart_cnt_15> (without init value) has a constant value of 0 in block <rtc_test>. This FF/Latch will be trimmed during the optimization process.
WARNING:Xst:1710 - FF/Latch <uart_cnt_13> (without init value) has a constant value of 0 in block <rtc_test>. This FF/Latch will be trimmed during the optimization process.
WARNING:Xst:1710 - FF/Latch <uart_cnt_14> (without init value) has a constant value of 0 in block <rtc_test>. This FF/Latch will be trimmed during the optimization process.
INFO:Xst:2261 - The FF/Latch <U2/U1/U1/isDone> in Unit <rtc_test> is equivalent to the following FF/Latch, which will be removed : <U2/U1/U1/i_1> 

Mapping all equations...
Building and optimizing final netlist ...
Found area constraint ratio of 100 (+ 5) on block rtc_test, actual ratio is 4.
FlipFlop U2/U1/U2/i_1 has been replicated 1 time(s)
FlipFlop U2/U1/U2/i_2 has been replicated 1 time(s)
FlipFlop U2/U1/U2/i_3 has been replicated 1 time(s)

Final Macro Processing ...

=========================================================================
Final Register Report

Macro Statistics
# Registers                                            : 146
 Flip-Flops                                            : 146

=========================================================================

=========================================================================
*                           Partition Report                            *
=========================================================================

Partition Implementation Status
-------------------------------

  No Partitions were found in this design.

-------------------------------

=========================================================================
*                            Design Summary                             *
=========================================================================

Top Level Output File Name         : rtc_test.ngc

Primitive and Black Box Usage:
------------------------------
# BELS                             : 322
#      GND                         : 1
#      INV                         : 6
#      LUT1                        : 27
#      LUT2                        : 32
#      LUT3                        : 20
#      LUT4                        : 27
#      LUT5                        : 45
#      LUT6                        : 103
#      MUXCY                       : 26
#      MUXF7                       : 5
#      VCC                         : 1
#      XORCY                       : 29
# FlipFlops/Latches                : 146
#      FD                          : 30
#      FDC                         : 28
#      FDCE                        : 32
#      FDE                         : 32
#      FDR                         : 11
#      FDRE                        : 12
#      FDS                         : 1
# Clock Buffers                    : 2
#      BUFG                        : 1
#      BUFGP                       : 1
# IO Buffers                       : 5
#      IBUF                        : 1
#      IOBUF                       : 1
#      OBUF                        : 3

Device utilization summary:
---------------------------

Selected Device : 6slx9ftg256-2 


Slice Logic Utilization: 
 Number of Slice Registers:             146  out of  11440     1%  
 Number of Slice LUTs:                  260  out of   5720     4%  
    Number used as Logic:               260  out of   5720     4%  

Slice Logic Distribution: 
 Number of LUT Flip Flop pairs used:    300
   Number with an unused Flip Flop:     154  out of    300    51%  
   Number with an unused LUT:            40  out of    300    13%  
   Number of fully used LUT-FF pairs:   106  out of    300    35%  
   Number of unique control sets:        17

IO Utilization: 
 Number of IOs:                           7
 Number of bonded IOBs:                   6  out of    186     3%  

Specific Feature Utilization:
 Number of BUFG/BUFGCTRLs:                2  out of     16    12%  

---------------------------
Partition Resource Summary:
---------------------------

  No Partitions were found in this design.

---------------------------


=========================================================================
Timing Report

NOTE: THESE TIMING NUMBERS ARE ONLY A SYNTHESIS ESTIMATE.
      FOR ACCURATE TIMING INFORMATION PLEASE REFER TO THE TRACE REPORT
      GENERATED AFTER PLACE-and-ROUTE.

Clock Information:
------------------
-----------------------------------+------------------------+-------+
Clock Signal                       | Clock buffer(FF name)  | Load  |
-----------------------------------+------------------------+-------+
u0/clkout                          | BUFG                   | 45    |
CLK_50M                            | BUFGP                  | 101   |
-----------------------------------+------------------------+-------+

Asynchronous Control Signals Information:
----------------------------------------
No asynchronous control signals found in this design

Timing Summary:
---------------
Speed Grade: -2

   Minimum period: 4.928ns (Maximum Frequency: 202.922MHz)
   Minimum input arrival time before clock: 5.215ns
   Maximum output required time after clock: 5.098ns
   Maximum combinational path delay: No path found

Timing Details:
---------------
All values displayed in nanoseconds (ns)

=========================================================================
Timing constraint: Default period analysis for Clock 'u0/clkout'
  Clock period: 4.928ns (frequency: 202.922MHz)
  Total number of paths / destination ports: 754 / 79
-------------------------------------------------------------------------
Delay:               4.928ns (Levels of Logic = 2)
  Source:            k_4 (FF)
  Destination:       k_0 (FF)
  Source Clock:      u0/clkout rising
  Destination Clock: u0/clkout rising

  Data Path: k_4 to k_0
                                Gate     Net
    Cell:in->out      fanout   Delay   Delay  Logical Name (Net Name)
    ----------------------------------------  ------------
     FDRE:C->Q            11   0.525   1.469  k_4 (k_4)
     LUT5:I0->O           14   0.254   1.127  GND_1_o_GND_1_o_equal_10_o<8>1 (GND_1_o_GND_1_o_equal_10_o)
     LUT5:I4->O            5   0.254   0.840  Mcount_k_val1 (Mcount_k_val)
     FDRE:R                    0.459          k_0
    ----------------------------------------
    Total                      4.928ns (1.492ns logic, 3.436ns route)
                                       (30.3% logic, 69.7% route)

=========================================================================
Timing constraint: Default period analysis for Clock 'CLK_50M'
  Clock period: 4.876ns (frequency: 205.086MHz)
  Total number of paths / destination ports: 1678 / 157
-------------------------------------------------------------------------
Delay:               4.876ns (Levels of Logic = 3)
  Source:            U2/U1/U2/Count1_3 (FF)
  Destination:       U2/U1/U2/rData_7 (FF)
  Source Clock:      CLK_50M rising
  Destination Clock: CLK_50M rising

  Data Path: U2/U1/U2/Count1_3 to U2/U1/U2/rData_7
                                Gate     Net
    Cell:in->out      fanout   Delay   Delay  Logical Name (Net Name)
    ----------------------------------------  ------------
     FDC:C->Q              6   0.525   1.306  U2/U1/U2/Count1_3 (U2/U1/U2/Count1_3)
     LUT5:I0->O            5   0.254   1.117  U2/U1/U2/Count1[4]_PWR_7_o_equal_46_o<4>1 (U2/U1/U2/Count1[4]_PWR_7_o_equal_46_o)
     LUT6:I2->O            1   0.254   0.000  U2/U1/U2/_n1374_inv3_G (N144)
     MUXF7:I1->O           8   0.175   0.943  U2/U1/U2/_n1374_inv3 (U2/U1/U2/_n1374_inv)
     FDCE:CE                   0.302          U2/U1/U2/rData_0
    ----------------------------------------
    Total                      4.876ns (1.510ns logic, 3.366ns route)
                                       (31.0% logic, 69.0% route)

=========================================================================
Timing constraint: Default OFFSET IN BEFORE for Clock 'u0/clkout'
  Total number of paths / destination ports: 36 / 31
-------------------------------------------------------------------------
Offset:              5.215ns (Levels of Logic = 2)
  Source:            RSTn (PAD)
  Destination:       uart_stat_FSM_FFd2 (FF)
  Destination Clock: u0/clkout rising

  Data Path: RSTn to uart_stat_FSM_FFd2
                                Gate     Net
    Cell:in->out      fanout   Delay   Delay  Logical Name (Net Name)
    ----------------------------------------  ------------
     IBUF:I->O            19   1.328   1.260  RSTn_IBUF (RSTn_IBUF)
     INV:I->O             62   0.255   1.913  U2/RSTn_inv1_INV_0 (U2/RSTn_inv)
     FDR:R                     0.459          uart_stat_FSM_FFd2
    ----------------------------------------
    Total                      5.215ns (2.042ns logic, 3.173ns route)
                                       (39.2% logic, 60.8% route)

=========================================================================
Timing constraint: Default OFFSET IN BEFORE for Clock 'CLK_50M'
  Total number of paths / destination ports: 92 / 92
-------------------------------------------------------------------------
Offset:              5.215ns (Levels of Logic = 2)
  Source:            RSTn (PAD)
  Destination:       U2/isStart_7 (FF)
  Destination Clock: CLK_50M rising

  Data Path: RSTn to U2/isStart_7
                                Gate     Net
    Cell:in->out      fanout   Delay   Delay  Logical Name (Net Name)
    ----------------------------------------  ------------
     IBUF:I->O            19   1.328   1.260  RSTn_IBUF (RSTn_IBUF)
     INV:I->O             62   0.255   1.913  U2/RSTn_inv1_INV_0 (U2/RSTn_inv)
     FDCE:CLR                  0.459          U2/i_0
    ----------------------------------------
    Total                      5.215ns (2.042ns logic, 3.173ns route)
                                       (39.2% logic, 60.8% route)

=========================================================================
Timing constraint: Default OFFSET OUT AFTER for Clock 'u0/clkout'
  Total number of paths / destination ports: 1 / 1
-------------------------------------------------------------------------
Offset:              4.162ns (Levels of Logic = 1)
  Source:            u1/tx (FF)
  Destination:       tx (PAD)
  Source Clock:      u0/clkout rising

  Data Path: u1/tx to tx
                                Gate     Net
    Cell:in->out      fanout   Delay   Delay  Logical Name (Net Name)
    ----------------------------------------  ------------
     FDS:C->Q              2   0.525   0.725  u1/tx (u1/tx)
     OBUF:I->O                 2.912          tx_OBUF (tx)
    ----------------------------------------
    Total                      4.162ns (3.437ns logic, 0.725ns route)
                                       (82.6% logic, 17.4% route)

=========================================================================
Timing constraint: Default OFFSET OUT AFTER for Clock 'CLK_50M'
  Total number of paths / destination ports: 4 / 3
-------------------------------------------------------------------------
Offset:              5.098ns (Levels of Logic = 2)
  Source:            U2/U1/U2/isOut (FF)
  Destination:       DS1302_SIO (PAD)
  Source Clock:      CLK_50M rising

  Data Path: U2/U1/U2/isOut to DS1302_SIO
                                Gate     Net
    Cell:in->out      fanout   Delay   Delay  Logical Name (Net Name)
    ----------------------------------------  ------------
     FDC:C->Q              2   0.525   0.725  U2/U1/U2/isOut (U2/U1/U2/isOut)
     INV:I->O              1   0.255   0.681  U2/U1/U2/isOut_inv1_INV_0 (U2/U1/U2/isOut_inv)
     IOBUF:T->IO               2.912          DS1302_SIO_IOBUF (DS1302_SIO)
    ----------------------------------------
    Total                      5.098ns (3.692ns logic, 1.406ns route)
                                       (72.4% logic, 27.6% route)

=========================================================================

Cross Clock Domains Report:
--------------------------

Clock to Setup on destination clock CLK_50M
---------------+---------+---------+---------+---------+
               | Src:Rise| Src:Fall| Src:Rise| Src:Fall|
Source Clock   |Dest:Rise|Dest:Rise|Dest:Fall|Dest:Fall|
---------------+---------+---------+---------+---------+
CLK_50M        |    4.876|         |         |         |
---------------+---------+---------+---------+---------+

Clock to Setup on destination clock u0/clkout
---------------+---------+---------+---------+---------+
               | Src:Rise| Src:Fall| Src:Rise| Src:Fall|
Source Clock   |Dest:Rise|Dest:Rise|Dest:Fall|Dest:Fall|
---------------+---------+---------+---------+---------+
CLK_50M        |    4.167|         |         |         |
u0/clkout      |    4.928|         |         |         |
---------------+---------+---------+---------+---------+

=========================================================================


Total REAL time to Xst completion: 17.00 secs
Total CPU time to Xst completion: 16.64 secs
 
--> 


Total memory usage is 373652 kilobytes

Number of errors   :    0 (   0 filtered)
Number of warnings :   39 (   0 filtered)
Number of infos    :    2 (   0 filtered)

